2026-08-28 14:10:56 | 使用设备: cuda
2026-08-28 14:10:56 | 
========== 超参数配置 (遵循 Transformer 原论文) ==========
2026-08-28 14:10:56 |   d_model       = 128    (论文: 512)
2026-08-28 14:10:56 |   N (层数)      = 2    (论文: 6)
2026-08-28 14:10:56 |   h (头数)      = 4    (论文: 8)
2026-08-28 14:10:56 |   d_ff          = 512   (论文: 2048)
2026-08-28 14:10:56 |   dropout       = 0.5  (论文: 0.1)
2026-08-28 14:10:56 |   warmup_steps  = 400   (论文: 4000)
2026-08-28 14:10:56 |   label_smooth  = 0.1  (论文: 0.1)
2026-08-28 14:10:56 |   batch_size    = 128
2026-08-28 14:10:56 |   seq_len       = 64
2026-08-28 14:10:56 |   num_epochs    = 100
2026-08-28 14:10:56 |   stride        = 4
2026-08-28 14:10:56 |   prompt_ratio  = 0.5
2026-08-28 14:10:56 |   val_ratio     = 0.2  (验证集比例)
2026-08-28 14:10:56 |   weight_decay  = 0.0  (权重衰减)
2026-08-28 14:10:56 | =========================================================

2026-08-28 14:10:56 | 数据集大小: 20479 字符
2026-08-28 14:10:56 | 词表大小: 50260 (gpt2 BPE: 50257 + 3 特殊 token)
2026-08-28 14:10:56 | 段落总数: 83
2026-08-28 14:10:56 | 训练集: 66 段落, 15932 字符 (80%)
2026-08-28 14:10:56 | 验证集: 17 段落, 4545 字符 (20%)
2026-08-28 14:11:01 | 模型参数量: 7,409,748
2026-08-28 14:11:01 | 训练样本数: 987
2026-08-28 14:11:01 | 验证样本数: 267
2026-08-28 14:11:01 | 
开始训练: 100 epochs, batch_size=128, seq_len=64
2026-08-28 14:11:01 | ------------------------------------------------------------
2026-08-28 14:11:01 | Epoch   1/100 | Train Loss: 9.4091 | Val Loss: 9.3634 | LR: 8.84e-05
2026-08-28 14:11:01 |   -> 保存最佳模型 (val_loss=9.3634)
2026-08-28 14:11:02 | Epoch   2/100 | Train Loss: 9.3400 | Val Loss: 9.2119 | LR: 1.77e-04
2026-08-28 14:11:02 |   -> 保存最佳模型 (val_loss=9.2119)
2026-08-28 14:11:02 | Epoch   3/100 | Train Loss: 9.1297 | Val Loss: 8.9193 | LR: 2.65e-04
2026-08-28 14:11:03 |   -> 保存最佳模型 (val_loss=8.9193)
2026-08-28 14:11:03 | Epoch   4/100 | Train Loss: 8.7292 | Val Loss: 8.4730 | LR: 3.54e-04
2026-08-28 14:11:03 |   -> 保存最佳模型 (val_loss=8.4730)
2026-08-28 14:11:04 | Epoch   5/100 | Train Loss: 8.1564 | Val Loss: 7.9056 | LR: 4.42e-04
2026-08-28 14:11:04 |   -> 保存最佳模型 (val_loss=7.9056)
2026-08-28 14:11:05 | Epoch   6/100 | Train Loss: 7.4579 | Val Loss: 7.2991 | LR: 5.30e-04
2026-08-28 14:11:05 |   -> 保存最佳模型 (val_loss=7.2991)
2026-08-28 14:11:05 | Epoch   7/100 | Train Loss: 6.7349 | Val Loss: 6.7924 | LR: 6.19e-04
2026-08-28 14:11:06 |   -> 保存最佳模型 (val_loss=6.7924)
2026-08-28 14:11:06 | Epoch   8/100 | Train Loss: 6.1265 | Val Loss: 6.4679 | LR: 7.07e-04
2026-08-28 14:11:06 |   -> 保存最佳模型 (val_loss=6.4679)
2026-08-28 14:11:07 | Epoch   9/100 | Train Loss: 5.7017 | Val Loss: 6.2854 | LR: 7.95e-04
2026-08-28 14:11:07 |   -> 保存最佳模型 (val_loss=6.2854)
2026-08-28 14:11:08 | Epoch  10/100 | Train Loss: 5.4481 | Val Loss: 6.2168 | LR: 8.84e-04
2026-08-28 14:11:08 |   -> 保存最佳模型 (val_loss=6.2168)
2026-08-28 14:11:08 | Epoch  11/100 | Train Loss: 5.3405 | Val Loss: 6.2464 | LR: 9.72e-04
2026-08-28 14:11:09 | Epoch  12/100 | Train Loss: 5.3279 | Val Loss: 6.2575 | LR: 1.06e-03
2026-08-28 14:11:09 | Epoch  13/100 | Train Loss: 5.3234 | Val Loss: 6.1956 | LR: 1.15e-03
2026-08-28 14:11:09 |   -> 保存最佳模型 (val_loss=6.1956)
2026-08-28 14:11:10 | Epoch  14/100 | Train Loss: 5.3187 | Val Loss: 6.2662 | LR: 1.24e-03
2026-08-28 14:11:11 | Epoch  15/100 | Train Loss: 5.3183 | Val Loss: 6.2428 | LR: 1.33e-03
2026-08-28 14:11:11 | Epoch  16/100 | Train Loss: 5.3182 | Val Loss: 6.2379 | LR: 1.41e-03
2026-08-28 14:11:12 | Epoch  17/100 | Train Loss: 5.3176 | Val Loss: 6.2281 | LR: 1.50e-03
2026-08-28 14:11:12 | Epoch  18/100 | Train Loss: 5.3156 | Val Loss: 6.2093 | LR: 1.59e-03
2026-08-28 14:11:13 | Epoch  19/100 | Train Loss: 5.3102 | Val Loss: 6.1734 | LR: 1.68e-03
2026-08-28 14:11:13 |   -> 保存最佳模型 (val_loss=6.1734)
2026-08-28 14:11:13 | Epoch  20/100 | Train Loss: 5.2940 | Val Loss: 6.1482 | LR: 1.77e-03
2026-08-28 14:11:14 |   -> 保存最佳模型 (val_loss=6.1482)
2026-08-28 14:11:14 | Epoch  21/100 | Train Loss: 5.2692 | Val Loss: 6.1378 | LR: 1.86e-03
2026-08-28 14:11:14 |   -> 保存最佳模型 (val_loss=6.1378)
2026-08-28 14:11:15 | Epoch  22/100 | Train Loss: 5.2403 | Val Loss: 6.1390 | LR: 1.94e-03
2026-08-28 14:11:15 | Epoch  23/100 | Train Loss: 5.2236 | Val Loss: 6.1462 | LR: 2.03e-03
2026-08-28 14:11:16 | Epoch  24/100 | Train Loss: 5.2125 | Val Loss: 6.1456 | LR: 2.12e-03
2026-08-28 14:11:16 | Epoch  25/100 | Train Loss: 5.2090 | Val Loss: 6.1278 | LR: 2.21e-03
2026-08-28 14:11:16 |   -> 保存最佳模型 (val_loss=6.1278)
2026-08-28 14:11:17 | Epoch  26/100 | Train Loss: 5.2097 | Val Loss: 6.1288 | LR: 2.30e-03
2026-08-28 14:11:18 | Epoch  27/100 | Train Loss: 5.2069 | Val Loss: 6.1294 | LR: 2.39e-03
2026-08-28 14:11:18 | Epoch  28/100 | Train Loss: 5.2047 | Val Loss: 6.1291 | LR: 2.47e-03
2026-08-28 14:11:19 | Epoch  29/100 | Train Loss: 5.2032 | Val Loss: 6.1307 | LR: 2.56e-03
2026-08-28 14:11:19 | Epoch  30/100 | Train Loss: 5.1968 | Val Loss: 6.0727 | LR: 2.65e-03
2026-08-28 14:11:19 |   -> 保存最佳模型 (val_loss=6.0727)
2026-08-28 14:11:20 | Epoch  31/100 | Train Loss: 5.1706 | Val Loss: 6.0422 | LR: 2.74e-03
2026-08-28 14:11:20 |   -> 保存最佳模型 (val_loss=6.0422)
2026-08-28 14:11:21 | Epoch  32/100 | Train Loss: 5.1140 | Val Loss: 6.0208 | LR: 2.83e-03
2026-08-28 14:11:21 |   -> 保存最佳模型 (val_loss=6.0208)
2026-08-28 14:11:21 | Epoch  33/100 | Train Loss: 5.0250 | Val Loss: 6.0042 | LR: 2.92e-03
2026-08-28 14:11:21 |   -> 保存最佳模型 (val_loss=6.0042)
2026-08-28 14:11:22 | Epoch  34/100 | Train Loss: 4.9131 | Val Loss: 6.0485 | LR: 3.01e-03
2026-08-28 14:11:22 | Epoch  35/100 | Train Loss: 4.7924 | Val Loss: 6.0613 | LR: 3.09e-03
2026-08-28 14:11:23 | Epoch  36/100 | Train Loss: 4.6999 | Val Loss: 6.0164 | LR: 3.18e-03
2026-08-28 14:11:23 | Epoch  37/100 | Train Loss: 4.6004 | Val Loss: 6.0758 | LR: 3.27e-03
2026-08-28 14:11:24 | Epoch  38/100 | Train Loss: 4.5039 | Val Loss: 6.1341 | LR: 3.36e-03
2026-08-28 14:11:25 | Epoch  39/100 | Train Loss: 4.4062 | Val Loss: 6.1011 | LR: 3.45e-03
2026-08-28 14:11:25 | Epoch  40/100 | Train Loss: 4.3049 | Val Loss: 6.1395 | LR: 3.54e-03
2026-08-28 14:11:26 | Epoch  41/100 | Train Loss: 4.2129 | Val Loss: 6.2465 | LR: 3.62e-03
2026-08-28 14:11:26 | Epoch  42/100 | Train Loss: 4.1216 | Val Loss: 6.2728 | LR: 3.71e-03
2026-08-28 14:11:27 | Epoch  43/100 | Train Loss: 4.0397 | Val Loss: 6.3364 | LR: 3.80e-03
2026-08-28 14:11:27 | Epoch  44/100 | Train Loss: 3.9573 | Val Loss: 6.4405 | LR: 3.89e-03
2026-08-28 14:11:28 | Epoch  45/100 | Train Loss: 3.8627 | Val Loss: 6.4952 | LR: 3.98e-03
2026-08-28 14:11:28 | Epoch  46/100 | Train Loss: 3.7741 | Val Loss: 6.5607 | LR: 4.07e-03
2026-08-28 14:11:29 | Epoch  47/100 | Train Loss: 3.6966 | Val Loss: 6.5568 | LR: 4.15e-03
2026-08-28 14:11:29 | Epoch  48/100 | Train Loss: 3.6006 | Val Loss: 6.6006 | LR: 4.24e-03
2026-08-28 14:11:30 | Epoch  49/100 | Train Loss: 3.5231 | Val Loss: 6.6085 | LR: 4.33e-03
2026-08-28 14:11:30 | Epoch  50/100 | Train Loss: 3.4212 | Val Loss: 6.7727 | LR: 4.42e-03
2026-08-28 14:11:31 | Epoch  51/100 | Train Loss: 3.3290 | Val Loss: 6.7740 | LR: 4.38e-03
2026-08-28 14:11:31 | Epoch  52/100 | Train Loss: 3.2300 | Val Loss: 6.7906 | LR: 4.33e-03
2026-08-28 14:11:32 | Epoch  53/100 | Train Loss: 3.1344 | Val Loss: 6.7578 | LR: 4.29e-03
2026-08-28 14:11:32 | Epoch  54/100 | Train Loss: 3.0426 | Val Loss: 6.8084 | LR: 4.25e-03
2026-08-28 14:11:33 | Epoch  55/100 | Train Loss: 2.9344 | Val Loss: 6.8351 | LR: 4.21e-03
2026-08-28 14:11:33 | Epoch  56/100 | Train Loss: 2.8276 | Val Loss: 6.8602 | LR: 4.18e-03
2026-08-28 14:11:34 | Epoch  57/100 | Train Loss: 2.7307 | Val Loss: 6.8962 | LR: 4.14e-03
2026-08-28 14:11:34 | Epoch  58/100 | Train Loss: 2.6171 | Val Loss: 6.9710 | LR: 4.10e-03
2026-08-28 14:11:35 | Epoch  59/100 | Train Loss: 2.5202 | Val Loss: 6.9708 | LR: 4.07e-03
2026-08-28 14:11:35 | Epoch  60/100 | Train Loss: 2.4352 | Val Loss: 6.9792 | LR: 4.03e-03
2026-08-28 14:11:36 | Epoch  61/100 | Train Loss: 2.3406 | Val Loss: 7.0520 | LR: 4.00e-03
2026-08-28 14:11:36 | Epoch  62/100 | Train Loss: 2.2667 | Val Loss: 7.1077 | LR: 3.97e-03
2026-08-28 14:11:37 | Epoch  63/100 | Train Loss: 2.1796 | Val Loss: 7.1577 | LR: 3.94e-03
2026-08-28 14:11:37 | Epoch  64/100 | Train Loss: 2.1162 | Val Loss: 7.1896 | LR: 3.91e-03
2026-08-28 14:11:38 | Epoch  65/100 | Train Loss: 2.0482 | Val Loss: 7.2777 | LR: 3.88e-03
2026-08-28 14:11:38 | Epoch  66/100 | Train Loss: 1.9895 | Val Loss: 7.4027 | LR: 3.85e-03
2026-08-28 14:11:39 | Epoch  67/100 | Train Loss: 1.9322 | Val Loss: 7.4644 | LR: 3.82e-03
2026-08-28 14:11:39 | Epoch  68/100 | Train Loss: 1.8740 | Val Loss: 7.5331 | LR: 3.79e-03
2026-08-28 14:11:40 | Epoch  69/100 | Train Loss: 1.8335 | Val Loss: 7.5942 | LR: 3.76e-03
2026-08-28 14:11:40 | Epoch  70/100 | Train Loss: 1.7810 | Val Loss: 7.6599 | LR: 3.74e-03
2026-08-28 14:11:41 | Epoch  71/100 | Train Loss: 1.7308 | Val Loss: 7.7045 | LR: 3.71e-03
2026-08-28 14:11:41 | Epoch  72/100 | Train Loss: 1.6959 | Val Loss: 7.7907 | LR: 3.68e-03
2026-08-28 14:11:42 | Epoch  73/100 | Train Loss: 1.6584 | Val Loss: 7.9126 | LR: 3.66e-03
2026-08-28 14:11:43 | Epoch  74/100 | Train Loss: 1.6163 | Val Loss: 7.9509 | LR: 3.63e-03
2026-08-28 14:11:43 | Epoch  75/100 | Train Loss: 1.5845 | Val Loss: 7.9850 | LR: 3.61e-03
2026-08-28 14:11:44 | Epoch  76/100 | Train Loss: 1.5480 | Val Loss: 8.1099 | LR: 3.58e-03
2026-08-28 14:11:44 | Epoch  77/100 | Train Loss: 1.5176 | Val Loss: 8.1817 | LR: 3.56e-03
2026-08-28 14:11:45 | Epoch  78/100 | Train Loss: 1.4873 | Val Loss: 8.2259 | LR: 3.54e-03
2026-08-28 14:11:45 | Epoch  79/100 | Train Loss: 1.4537 | Val Loss: 8.2471 | LR: 3.52e-03
2026-08-28 14:11:46 | Epoch  80/100 | Train Loss: 1.4287 | Val Loss: 8.3193 | LR: 3.49e-03
2026-08-28 14:11:46 | Epoch  81/100 | Train Loss: 1.4021 | Val Loss: 8.3201 | LR: 3.47e-03
2026-08-28 14:11:47 | Epoch  82/100 | Train Loss: 1.3740 | Val Loss: 8.3426 | LR: 3.45e-03
2026-08-28 14:11:47 | Epoch  83/100 | Train Loss: 1.3599 | Val Loss: 8.4369 | LR: 3.43e-03
2026-08-28 14:11:48 | Epoch  84/100 | Train Loss: 1.3380 | Val Loss: 8.4218 | LR: 3.41e-03
2026-08-28 14:11:48 | Epoch  85/100 | Train Loss: 1.3094 | Val Loss: 8.4067 | LR: 3.39e-03
2026-08-28 14:11:49 | Epoch  86/100 | Train Loss: 1.2885 | Val Loss: 8.3627 | LR: 3.37e-03
2026-08-28 14:11:49 | Epoch  87/100 | Train Loss: 1.2670 | Val Loss: 8.4871 | LR: 3.35e-03
2026-08-28 14:11:50 | Epoch  88/100 | Train Loss: 1.2529 | Val Loss: 8.5461 | LR: 3.33e-03
2026-08-28 14:11:50 | Epoch  89/100 | Train Loss: 1.2316 | Val Loss: 8.6277 | LR: 3.31e-03
2026-08-28 14:11:51 | Epoch  90/100 | Train Loss: 1.2000 | Val Loss: 8.6319 | LR: 3.29e-03
2026-08-28 14:11:51 | Epoch  91/100 | Train Loss: 1.1810 | Val Loss: 8.6098 | LR: 3.28e-03
2026-08-28 14:11:52 | Epoch  92/100 | Train Loss: 1.1738 | Val Loss: 8.6618 | LR: 3.26e-03
2026-08-28 14:11:52 | Epoch  93/100 | Train Loss: 1.1592 | Val Loss: 8.6824 | LR: 3.24e-03
2026-08-28 14:11:53 | Epoch  94/100 | Train Loss: 1.1372 | Val Loss: 8.7860 | LR: 3.22e-03
2026-08-28 14:11:53 | Epoch  95/100 | Train Loss: 1.1239 | Val Loss: 8.7448 | LR: 3.21e-03
2026-08-28 14:11:54 | Epoch  96/100 | Train Loss: 1.1095 | Val Loss: 8.7932 | LR: 3.19e-03
2026-08-28 14:11:54 | Epoch  97/100 | Train Loss: 1.0952 | Val Loss: 8.8357 | LR: 3.17e-03
2026-08-28 14:11:55 | Epoch  98/100 | Train Loss: 1.0852 | Val Loss: 8.8187 | LR: 3.16e-03
2026-08-28 14:11:55 | Epoch  99/100 | Train Loss: 1.0663 | Val Loss: 8.8691 | LR: 3.14e-03
2026-08-28 14:11:56 | Epoch 100/100 | Train Loss: 1.0594 | Val Loss: 8.8262 | LR: 3.13e-03
2026-08-28 14:11:57 | ------------------------------------------------------------
2026-08-28 14:11:57 | 训练完成! 总耗时: 0.9 分钟
2026-08-28 14:11:57 | 最佳验证 Loss: 6.0042
2026-08-28 14:11:57 | 最终训练 Loss: 1.0594
2026-08-28 14:11:57 | 最终验证 Loss: 8.8262
2026-08-28 14:11:57 | 模型参数量: 7,409,748
2026-08-28 14:11:57 | 
输出文件夹: /root/autodl-tmp/annotated-transformer-master/output_4
2026-08-28 14:11:57 |   - best_model.pt    (最佳模型, 按验证集loss保存)
2026-08-28 14:11:57 |   - final_model.pt   (最终模型)
2026-08-28 14:11:57 |   - train.log        (训练日志)
2026-08-28 14:11:57 |   - loss_curve.png   (训练+验证损失曲线)
2026-08-28 14:11:57 |   - lr_curve.png     (学习率曲线)
2026-08-28 14:11:57 |   - loss_lr_combined.png (Loss+LR合并图)
